error[source-not-allowed]: detected 'git' source not explicitly allowed
  ┌─ /home/seer/Projects/repin/docs/experiments/results/raw/q-release-tools-20260818/generated-fixtures/q012-git-source/project/Cargo.lock:2:23
  │
2 │ q012-git-source 0.1.0 git+file:///home/seer/Projects/repin/docs/experiments/results/raw/q-release-tools-20260818/generated-fixtures/q012-git-source/git-dep?rev=d0033b9d289dc13f0856b7f072cf406caa67b36a
  │                       ━━━━━━━━━━━━━━━━━━━━━━━━━━━━━━━━━━━━━━━━━━━━━━━━━━━━━━━━━━━━━━━━━━━━━━━━━━━━━━━━━━━━━━━━━━━━━━━━━━━━━━━━━━━━━━━━━━━━━━━━━━━━━━━━━━━━━━━━━━━━━━━━━━━━━━━━━━━━━━━━━━━━━━━━━━━━━━━━━━ source
  │
  ├ q012-git-source v0.1.0
    └── q012-git-root v0.1.0

warning[license-not-encountered]: license was not encountered
   ┌─ /home/seer/Projects/repin/docs/experiments/foundation_spike/deny.toml:15:6
   │
15 │     "Apache-2.0",
   │      ━━━━━━━━━━ unmatched license allowance

warning[license-not-encountered]: license was not encountered
   ┌─ /home/seer/Projects/repin/docs/experiments/foundation_spike/deny.toml:16:6
   │
16 │     "Apache-2.0 WITH LLVM-exception",
   │      ━━━━━━━━━━━━━━━━━━━━━━━━━━━━━━ unmatched license allowance

warning[license-not-encountered]: license was not encountered
   ┌─ /home/seer/Projects/repin/docs/experiments/foundation_spike/deny.toml:17:6
   │
17 │     "BSD-2-Clause",
   │      ━━━━━━━━━━━━ unmatched license allowance

warning[license-not-encountered]: license was not encountered
   ┌─ /home/seer/Projects/repin/docs/experiments/foundation_spike/deny.toml:18:6
   │
18 │     "CC0-1.0",
   │      ━━━━━━━ unmatched license allowance

warning[license-not-encountered]: license was not encountered
   ┌─ /home/seer/Projects/repin/docs/experiments/foundation_spike/deny.toml:19:6
   │
19 │     "MIT-0",
   │      ━━━━━ unmatched license allowance

warning[license-not-encountered]: license was not encountered
   ┌─ /home/seer/Projects/repin/docs/experiments/foundation_spike/deny.toml:21:6
   │
21 │     "Unicode-3.0",
   │      ━━━━━━━━━━━ unmatched license allowance

warning[license-not-encountered]: license was not encountered
   ┌─ /home/seer/Projects/repin/docs/experiments/foundation_spike/deny.toml:20:6
   │
20 │     "Unlicense",
   │      ━━━━━━━━━ unmatched license allowance

