   Compiling shlex v2.0.1
   Compiling find-msvc-tools v0.1.11
   Compiling tree-sitter-language v0.1.7
   Compiling rustix v1.1.4
   Compiling memchr v2.8.3
   Compiling linux-raw-sys v0.12.1
   Compiling version_check v0.9.5
   Compiling bitflags v2.13.1
   Compiling io-lifetimes v3.0.1
   Compiling serde_core v1.0.228
   Compiling proc-macro2 v1.0.107
   Compiling io-lifetimes v2.0.4
   Compiling typenum v1.20.1
   Compiling quote v1.0.47
   Compiling once_cell v1.21.4
   Compiling io-extras v0.19.0
   Compiling cc v1.4.3
   Compiling regex-syntax v0.8.11
   Compiling equivalent v1.0.2
   Compiling serde_json v1.0.145
   Compiling hashbrown v0.17.1
   Compiling crossbeam-utils v0.8.22
   Compiling unicode-ident v1.0.24
   Compiling generic-array v0.14.7
   Compiling crossbeam-epoch v0.9.20
   Compiling libc v0.2.189
   Compiling ryu v1.0.23
   Compiling cfg-if v1.0.4
   Compiling itoa v1.0.18
   Compiling cap-primitives v4.0.2
   Compiling ambient-authority v0.0.2
   Compiling ipnet v2.12.1
   Compiling getrandom v0.4.3
   Compiling maybe-owned v0.3.4
   Compiling cap-std v4.0.2
   Compiling aho-corasick v1.1.5
   Compiling crossbeam-deque v0.8.7
   Compiling indexmap v2.14.0
   Compiling bstr v1.13.1
   Compiling syn v2.0.119
   Compiling serde v1.0.228
   Compiling cap-fs-ext v4.0.2
   Compiling same-file v1.0.6
   Compiling log v0.4.33
   Compiling walkdir v2.5.0
   Compiling crypto-common v0.1.7
   Compiling block-buffer v0.10.4
   Compiling digest v0.10.7
   Compiling cpufeatures v0.2.17
   Compiling constant_time_eq v0.4.2
   Compiling cpufeatures v0.3.0
   Compiling arrayvec v0.7.8
   Compiling fastrand v2.5.0
   Compiling tree-sitter-md v0.5.3
   Compiling tree-sitter-typescript v0.23.2
   Compiling blake3 v1.8.5
   Compiling tree-sitter-rust v0.24.2
   Compiling tree-sitter-javascript v0.25.0
   Compiling streaming-iterator v0.1.9
   Compiling arrayref v0.3.9
   Compiling sha2 v0.10.9
   Compiling regex-automata v0.4.16
   Compiling serde_derive v1.0.228
   Compiling fs-set-times v0.20.3
   Compiling rustix-linux-procfs v0.1.1
   Compiling tree-sitter v0.26.11
   Compiling tempfile v3.27.0
   Compiling regex v1.13.1
   Compiling globset v0.4.19
   Compiling ignore v0.4.31
   Compiling repin-foundation-spike v0.1.0 (/home/seer/Projects/repin/docs/experiments/foundation_spike)
    Finished `release` profile [optimized] target(s) in 25.14s
