2026-08-18 18:50:38 [ERROR] failed to fetch crates:     Updating git repository `file:///tmp/repin-q-release-tools-q014-20260819-final/generated-fixtures/q012-git-source/git-dep`
error: failed to get `q012-git-source` as a dependency of package `q012-git-root v0.1.0 (/tmp/repin-q-release-tools-q014-20260819-final/generated-fixtures/q012-git-source/project)`

Caused by:
  failed to load source for dependency `q012-git-source`

Caused by:
  unable to update file:///tmp/repin-q-release-tools-q014-20260819-final/generated-fixtures/q012-git-source/git-dep?rev=ff4f937a84374e59dfe2aec834d44ad37e5f46fb

Caused by:
  failed to create directory `/tmp/repin-cargo-home-q014-ZhSkmL/git/db/git-dep-2f16bb4dff462c1c`

Caused by:
  Read-only file system (os error 30)

2026-08-18 18:50:38 [ERROR] `cargo metadata` exited with an error:     Updating git repository `file:///tmp/repin-q-release-tools-q014-20260819-final/generated-fixtures/q012-git-source/git-dep`
error: failed to get `q012-git-source` as a dependency of package `q012-git-root v0.1.0 (/tmp/repin-q-release-tools-q014-20260819-final/generated-fixtures/q012-git-source/project)`

Caused by:
  failed to load source for dependency `q012-git-source`

Caused by:
  unable to update file:///tmp/repin-q-release-tools-q014-20260819-final/generated-fixtures/q012-git-source/git-dep?rev=ff4f937a84374e59dfe2aec834d44ad37e5f46fb

Caused by:
  failed to create directory `/tmp/repin-cargo-home-q014-ZhSkmL/git/db/git-dep-2f16bb4dff462c1c`

Caused by:
  Read-only file system (os error 30)

